Tue Jan 18 2022 14:44:33 GMT+0530 (India Standard Time) :1
Tue Jan 18 2022 14:44:33 GMT+0530 (India Standard Time): 2
Tue Jan 18 2022 14:44:33 GMT+0530 (India Standard Time): 3
Tue Jan 18 2022 14:44:33 GMT+0530 (India Standard Time): 4
Tue Jan 18 2022 14:44:33 GMT+0530 (India Standard Time): 5
Tue Jan 18 2022 14:44:33 GMT+0530 (India Standard Time): 6
Tue Jan 18 2022 14:44:33 GMT+0530 (India Standard Time): 7
Tue Jan 18 2022 14:44:33 GMT+0530 (India Standard Time): 8
Tue Jan 18 2022 14:44:33 GMT+0530 (India Standard Time): 9
Tue Jan 18 2022 14:44:33 GMT+0530 (India Standard Time): 10
Tue Jan 18 2022 14:44:33 GMT+0530 (India Standard Time): 11
Tue Jan 18 2022 14:44:33 GMT+0530 (India Standard Time): 12
Tue Jan 18 2022 14:44:33 GMT+0530 (India Standard Time): 13
Tue Jan 18 2022 14:44:33 GMT+0530 (India Standard Time): 14
Tue Jan 18 2022 14:44:33 GMT+0530 (India Standard Time): 15
Tue Jan 18 2022 14:44:33 GMT+0530 (India Standard Time): 16
Tue Jan 18 2022 14:44:33 GMT+0530 (India Standard Time): 17
Tue Jan 18 2022 14:44:33 GMT+0530 (India Standard Time): 18
Tue Jan 18 2022 14:44:33 GMT+0530 (India Standard Time): 19
Tue Jan 18 2022 14:44:33 GMT+0530 (India Standard Time): 20
Tue Jan 18 2022 14:44:33 GMT+0530 (India Standard Time): 21
Tue Jan 18 2022 14:44:33 GMT+0530 (India Standard Time): 22
Tue Jan 18 2022 14:44:33 GMT+0530 (India Standard Time): 23
Tue Jan 18 2022 14:44:33 GMT+0530 (India Standard Time): 24
Tue Jan 18 2022 14:44:33 GMT+0530 (India Standard Time): 25
Tue Jan 18 2022 14:44:33 GMT+0530 (India Standard Time): 26
Tue Jan 18 2022 14:44:33 GMT+0530 (India Standard Time): 27
Tue Jan 18 2022 14:44:33 GMT+0530 (India Standard Time): 28
Tue Jan 18 2022 14:44:33 GMT+0530 (India Standard Time): 29
Tue Jan 18 2022 14:44:33 GMT+0530 (India Standard Time): 30
Tue Jan 18 2022 14:44:33 GMT+0530 (India Standard Time): 31
Tue Jan 18 2022 14:44:33 GMT+0530 (India Standard Time): 32
Tue Jan 18 2022 14:44:33 GMT+0530 (India Standard Time): 33
Tue Jan 18 2022 14:44:33 GMT+0530 (India Standard Time): 34
Tue Jan 18 2022 14:44:33 GMT+0530 (India Standard Time): 35
Tue Jan 18 2022 14:44:33 GMT+0530 (India Standard Time): 36
Tue Jan 18 2022 14:44:33 GMT+0530 (India Standard Time): 37
Tue Jan 18 2022 14:44:33 GMT+0530 (India Standard Time): 38
Tue Jan 18 2022 14:44:33 GMT+0530 (India Standard Time): 39
Tue Jan 18 2022 14:44:33 GMT+0530 (India Standard Time): 40
Tue Jan 18 2022 14:44:33 GMT+0530 (India Standard Time): 41
Tue Jan 18 2022 14:44:33 GMT+0530 (India Standard Time): 42
Tue Jan 18 2022 14:44:33 GMT+0530 (India Standard Time): 43
Tue Jan 18 2022 14:44:33 GMT+0530 (India Standard Time): 44
Tue Jan 18 2022 14:44:33 GMT+0530 (India Standard Time): 45
Tue Jan 18 2022 14:44:33 GMT+0530 (India Standard Time): 46
Tue Jan 18 2022 14:44:33 GMT+0530 (India Standard Time): 47
Tue Jan 18 2022 14:44:33 GMT+0530 (India Standard Time): 48
Tue Jan 18 2022 14:44:33 GMT+0530 (India Standard Time): 49
Tue Jan 18 2022 14:44:33 GMT+0530 (India Standard Time): 50
Tue Jan 18 2022 14:44:33 GMT+0530 (India Standard Time): 51
Tue Jan 18 2022 14:44:33 GMT+0530 (India Standard Time): 52
Tue Jan 18 2022 14:44:33 GMT+0530 (India Standard Time): 53
Tue Jan 18 2022 14:44:33 GMT+0530 (India Standard Time): 54
Tue Jan 18 2022 14:44:33 GMT+0530 (India Standard Time): 55
Tue Jan 18 2022 14:44:33 GMT+0530 (India Standard Time): 56
Tue Jan 18 2022 14:44:33 GMT+0530 (India Standard Time): 57
Tue Jan 18 2022 14:44:33 GMT+0530 (India Standard Time): 58
Tue Jan 18 2022 14:44:33 GMT+0530 (India Standard Time): 59
Tue Jan 18 2022 14:44:33 GMT+0530 (India Standard Time): 60
Tue Jan 18 2022 14:44:33 GMT+0530 (India Standard Time): 61
Tue Jan 18 2022 14:44:33 GMT+0530 (India Standard Time): 62
Tue Jan 18 2022 14:44:33 GMT+0530 (India Standard Time): 63
Tue Jan 18 2022 14:44:33 GMT+0530 (India Standard Time): 64
Tue Jan 18 2022 14:44:33 GMT+0530 (India Standard Time): 65
Tue Jan 18 2022 14:44:33 GMT+0530 (India Standard Time): 66
Tue Jan 18 2022 14:44:33 GMT+0530 (India Standard Time): 67
Tue Jan 18 2022 14:44:33 GMT+0530 (India Standard Time): 68
Tue Jan 18 2022 14:44:33 GMT+0530 (India Standard Time): 69
Tue Jan 18 2022 14:44:33 GMT+0530 (India Standard Time): 70
Tue Jan 18 2022 14:44:33 GMT+0530 (India Standard Time): 71
Tue Jan 18 2022 14:44:33 GMT+0530 (India Standard Time): 72
Tue Jan 18 2022 14:44:33 GMT+0530 (India Standard Time): 73
Tue Jan 18 2022 14:44:33 GMT+0530 (India Standard Time): 74
Tue Jan 18 2022 14:44:33 GMT+0530 (India Standard Time): 75
Tue Jan 18 2022 14:44:33 GMT+0530 (India Standard Time): 76
Tue Jan 18 2022 14:44:33 GMT+0530 (India Standard Time): 77
Tue Jan 18 2022 14:44:33 GMT+0530 (India Standard Time): 78
Tue Jan 18 2022 14:44:33 GMT+0530 (India Standard Time): 79
Tue Jan 18 2022 14:44:33 GMT+0530 (India Standard Time): 80
Tue Jan 18 2022 14:44:33 GMT+0530 (India Standard Time): 81
Tue Jan 18 2022 14:44:33 GMT+0530 (India Standard Time): 82
Tue Jan 18 2022 14:44:33 GMT+0530 (India Standard Time): 83
Tue Jan 18 2022 14:44:33 GMT+0530 (India Standard Time): 84
Tue Jan 18 2022 14:44:33 GMT+0530 (India Standard Time): 85
Tue Jan 18 2022 14:44:33 GMT+0530 (India Standard Time): 86
Tue Jan 18 2022 14:44:33 GMT+0530 (India Standard Time): 87
Tue Jan 18 2022 14:44:33 GMT+0530 (India Standard Time): 88
Tue Jan 18 2022 14:44:33 GMT+0530 (India Standard Time): 89
Tue Jan 18 2022 14:44:33 GMT+0530 (India Standard Time): 90
Tue Jan 18 2022 14:44:33 GMT+0530 (India Standard Time): 91
Tue Jan 18 2022 14:44:33 GMT+0530 (India Standard Time): 92
Tue Jan 18 2022 14:44:33 GMT+0530 (India Standard Time): 93
Tue Jan 18 2022 14:44:33 GMT+0530 (India Standard Time): 94
Tue Jan 18 2022 14:44:33 GMT+0530 (India Standard Time): 95
Tue Jan 18 2022 14:44:33 GMT+0530 (India Standard Time): 96
Tue Jan 18 2022 14:44:33 GMT+0530 (India Standard Time): 97
Tue Jan 18 2022 14:44:33 GMT+0530 (India Standard Time): 98
Tue Jan 18 2022 14:44:33 GMT+0530 (India Standard Time): 99
Tue Jan 18 2022 14:44:33 GMT+0530 (India Standard Time): 100
Tue Jan 18 2022 14:44:33 GMT+0530 (India Standard Time): 101
Tue Jan 18 2022 14:44:33 GMT+0530 (India Standard Time): 102
Tue Jan 18 2022 14:44:33 GMT+0530 (India Standard Time): 103
Tue Jan 18 2022 14:44:33 GMT+0530 (India Standard Time): 104
Tue Jan 18 2022 14:44:33 GMT+0530 (India Standard Time): 105
Tue Jan 18 2022 14:44:33 GMT+0530 (India Standard Time): 106
Tue Jan 18 2022 14:44:33 GMT+0530 (India Standard Time): 107
Tue Jan 18 2022 14:44:33 GMT+0530 (India Standard Time): 108
Tue Jan 18 2022 14:44:33 GMT+0530 (India Standard Time): 109
Tue Jan 18 2022 14:44:33 GMT+0530 (India Standard Time): 110
Tue Jan 18 2022 14:44:33 GMT+0530 (India Standard Time): 111
Tue Jan 18 2022 14:44:33 GMT+0530 (India Standard Time): 112
Tue Jan 18 2022 14:44:33 GMT+0530 (India Standard Time): 113
Tue Jan 18 2022 14:44:33 GMT+0530 (India Standard Time): 114
Tue Jan 18 2022 14:44:33 GMT+0530 (India Standard Time): 115
Tue Jan 18 2022 14:44:33 GMT+0530 (India Standard Time): 116
Tue Jan 18 2022 14:44:33 GMT+0530 (India Standard Time): 117
Tue Jan 18 2022 14:44:33 GMT+0530 (India Standard Time): 118
Tue Jan 18 2022 14:44:33 GMT+0530 (India Standard Time): 119
Tue Jan 18 2022 14:44:33 GMT+0530 (India Standard Time): 120
Tue Jan 18 2022 14:44:33 GMT+0530 (India Standard Time): 121
Tue Jan 18 2022 14:44:33 GMT+0530 (India Standard Time): 122
Tue Jan 18 2022 14:44:33 GMT+0530 (India Standard Time): 123
Tue Jan 18 2022 14:44:33 GMT+0530 (India Standard Time): 124
Tue Jan 18 2022 14:44:33 GMT+0530 (India Standard Time): 125
Tue Jan 18 2022 14:44:33 GMT+0530 (India Standard Time): 126
Tue Jan 18 2022 14:44:33 GMT+0530 (India Standard Time): 127
Tue Jan 18 2022 14:44:33 GMT+0530 (India Standard Time): 128
Tue Jan 18 2022 14:44:33 GMT+0530 (India Standard Time): 129
Tue Jan 18 2022 14:44:33 GMT+0530 (India Standard Time): 130
Tue Jan 18 2022 14:44:33 GMT+0530 (India Standard Time): 131
Tue Jan 18 2022 14:44:33 GMT+0530 (India Standard Time): 132
Tue Jan 18 2022 14:44:33 GMT+0530 (India Standard Time): 133
Tue Jan 18 2022 14:44:33 GMT+0530 (India Standard Time): 134
Tue Jan 18 2022 14:44:33 GMT+0530 (India Standard Time): 135
Tue Jan 18 2022 14:44:33 GMT+0530 (India Standard Time): 136
Tue Jan 18 2022 14:44:33 GMT+0530 (India Standard Time): 137
Tue Jan 18 2022 14:44:33 GMT+0530 (India Standard Time): 138
Tue Jan 18 2022 14:44:33 GMT+0530 (India Standard Time): 139
Tue Jan 18 2022 14:44:33 GMT+0530 (India Standard Time): 140
Tue Jan 18 2022 14:44:33 GMT+0530 (India Standard Time): 141
Tue Jan 18 2022 14:44:33 GMT+0530 (India Standard Time): 142
Tue Jan 18 2022 14:44:33 GMT+0530 (India Standard Time): 143
Tue Jan 18 2022 14:44:33 GMT+0530 (India Standard Time): 144
Tue Jan 18 2022 14:44:33 GMT+0530 (India Standard Time): 145
Tue Jan 18 2022 14:44:33 GMT+0530 (India Standard Time): 146
Tue Jan 18 2022 14:44:33 GMT+0530 (India Standard Time): 147
Tue Jan 18 2022 14:44:33 GMT+0530 (India Standard Time): 148
Tue Jan 18 2022 14:44:33 GMT+0530 (India Standard Time): 149
Tue Jan 18 2022 14:44:33 GMT+0530 (India Standard Time): 150
Tue Jan 18 2022 14:44:33 GMT+0530 (India Standard Time): 151
Tue Jan 18 2022 14:44:33 GMT+0530 (India Standard Time): 152
Tue Jan 18 2022 14:44:33 GMT+0530 (India Standard Time): 153
Tue Jan 18 2022 14:44:33 GMT+0530 (India Standard Time): 154
Tue Jan 18 2022 14:44:33 GMT+0530 (India Standard Time): 155
Tue Jan 18 2022 14:44:33 GMT+0530 (India Standard Time): 156
Tue Jan 18 2022 14:44:33 GMT+0530 (India Standard Time): 157
Tue Jan 18 2022 14:44:33 GMT+0530 (India Standard Time): 158
Tue Jan 18 2022 14:44:33 GMT+0530 (India Standard Time): 159
Tue Jan 18 2022 14:44:33 GMT+0530 (India Standard Time): 160
Tue Jan 18 2022 14:44:33 GMT+0530 (India Standard Time): 161
Tue Jan 18 2022 14:44:33 GMT+0530 (India Standard Time): 162
Tue Jan 18 2022 14:44:33 GMT+0530 (India Standard Time): 163
Tue Jan 18 2022 14:44:33 GMT+0530 (India Standard Time): 164
Tue Jan 18 2022 14:44:33 GMT+0530 (India Standard Time): 165
Tue Jan 18 2022 14:44:33 GMT+0530 (India Standard Time): 166
Tue Jan 18 2022 14:44:33 GMT+0530 (India Standard Time): 167
Tue Jan 18 2022 14:44:33 GMT+0530 (India Standard Time): 168
Tue Jan 18 2022 14:44:33 GMT+0530 (India Standard Time): 169
Tue Jan 18 2022 14:44:33 GMT+0530 (India Standard Time): 170
Tue Jan 18 2022 14:44:33 GMT+0530 (India Standard Time): 171
Tue Jan 18 2022 14:44:33 GMT+0530 (India Standard Time): 172
Tue Jan 18 2022 14:44:33 GMT+0530 (India Standard Time): 173
Tue Jan 18 2022 14:44:33 GMT+0530 (India Standard Time): 174
Tue Jan 18 2022 14:44:33 GMT+0530 (India Standard Time): 175
Tue Jan 18 2022 14:44:33 GMT+0530 (India Standard Time): 176
Tue Jan 18 2022 14:44:33 GMT+0530 (India Standard Time): 177
Tue Jan 18 2022 14:44:33 GMT+0530 (India Standard Time): 178
Tue Jan 18 2022 14:44:33 GMT+0530 (India Standard Time): 179
Tue Jan 18 2022 14:44:33 GMT+0530 (India Standard Time): 180
Tue Jan 18 2022 14:44:33 GMT+0530 (India Standard Time): 181
Tue Jan 18 2022 14:44:33 GMT+0530 (India Standard Time): 182
Tue Jan 18 2022 14:44:33 GMT+0530 (India Standard Time): 183
Tue Jan 18 2022 14:44:33 GMT+0530 (India Standard Time): 184
Tue Jan 18 2022 14:44:33 GMT+0530 (India Standard Time): 185
Tue Jan 18 2022 14:44:33 GMT+0530 (India Standard Time): 186
Tue Jan 18 2022 14:44:33 GMT+0530 (India Standard Time): 187
Tue Jan 18 2022 14:44:33 GMT+0530 (India Standard Time): 188
Tue Jan 18 2022 14:44:33 GMT+0530 (India Standard Time): 189
Tue Jan 18 2022 14:44:33 GMT+0530 (India Standard Time): 190
Tue Jan 18 2022 14:44:33 GMT+0530 (India Standard Time): 191
Tue Jan 18 2022 14:44:33 GMT+0530 (India Standard Time): 192
Tue Jan 18 2022 14:44:33 GMT+0530 (India Standard Time): 193
Tue Jan 18 2022 14:44:33 GMT+0530 (India Standard Time): 194
Tue Jan 18 2022 14:44:33 GMT+0530 (India Standard Time): 195
Tue Jan 18 2022 14:44:33 GMT+0530 (India Standard Time): 196
Tue Jan 18 2022 14:44:33 GMT+0530 (India Standard Time): 197
Tue Jan 18 2022 14:44:33 GMT+0530 (India Standard Time): 198
Tue Jan 18 2022 14:44:33 GMT+0530 (India Standard Time): 199
Tue Jan 18 2022 14:44:33 GMT+0530 (India Standard Time): 200
Tue Jan 18 2022 14:44:33 GMT+0530 (India Standard Time): 201
Tue Jan 18 2022 14:44:33 GMT+0530 (India Standard Time): 202
Tue Jan 18 2022 14:44:33 GMT+0530 (India Standard Time): 203
Tue Jan 18 2022 14:44:33 GMT+0530 (India Standard Time): 204
Tue Jan 18 2022 14:44:33 GMT+0530 (India Standard Time): 205
Tue Jan 18 2022 14:44:33 GMT+0530 (India Standard Time): 206
Tue Jan 18 2022 14:44:33 GMT+0530 (India Standard Time): 207
Tue Jan 18 2022 14:44:33 GMT+0530 (India Standard Time): 208
Tue Jan 18 2022 14:44:33 GMT+0530 (India Standard Time): 209
Tue Jan 18 2022 14:44:33 GMT+0530 (India Standard Time): 210
Tue Jan 18 2022 14:44:33 GMT+0530 (India Standard Time): 211
Tue Jan 18 2022 14:44:33 GMT+0530 (India Standard Time): 212
Tue Jan 18 2022 14:44:33 GMT+0530 (India Standard Time): 213
Tue Jan 18 2022 14:44:33 GMT+0530 (India Standard Time): 214
Tue Jan 18 2022 14:44:33 GMT+0530 (India Standard Time): 215
Tue Jan 18 2022 14:44:33 GMT+0530 (India Standard Time): 216
Tue Jan 18 2022 14:44:33 GMT+0530 (India Standard Time): 217
Tue Jan 18 2022 14:44:33 GMT+0530 (India Standard Time): 218
Tue Jan 18 2022 14:44:33 GMT+0530 (India Standard Time): 219
Tue Jan 18 2022 14:44:33 GMT+0530 (India Standard Time): 220
Tue Jan 18 2022 14:44:33 GMT+0530 (India Standard Time): 221
Tue Jan 18 2022 14:44:33 GMT+0530 (India Standard Time): 222
Tue Jan 18 2022 14:44:33 GMT+0530 (India Standard Time): 223
Tue Jan 18 2022 14:44:33 GMT+0530 (India Standard Time): 2241642497678287 :1
1642497679294: 2
1642497680302: 3
1642497681311: 4
1642497682316: 5
1642497683327: 6
1642497684336: 7
1642497685345: 8
1642497686352: 9
1642497687360: 10
1642497688371: 11
1642497689381: 12
1642497690393: 13
1642497691401: 14
1642497692410: 15
1642497693420: 16
1642497694431: 17
1642497695435: 18
1642497696442: 19
1642497697452: 20
1642497698460: 21
1642497699474: 22
1642497700483: 23
1642497701494: 24
1642497702508: 25
1642497703516: 26
1642497704529: 27
1642497705541: 28
1642497706551: 29
1642497707559: 30
1642497708564: 31
1642497709578: 32
1642497710585: 33
1642497711599: 34
1642497712607: 35
1642497713616: 36
1642497714627: 37
1642497715640: 38
1642497716649: 39
1642497717662: 40
1642497718676: 41
1642497719687: 42
1642497720694: 43
1642497721701: 44
1642497722711: 45
1642497723724: 46
1642497724732: 47
1642497725748: 48
1642497726754: 49
1642497727762: 50
1642497728774: 51
1642497729785: 52
1642497730791: 53
1642497731800: 54
1642497732810: 55
1642497733818: 56
1642497734824: 57
1642497735834: 58
1642497736836: 59
1642497737846: 60
1642497738859: 61
1642497739868: 62
1642497740882: 63
1642497741893: 64
1642497742903: 65
1642497743912: 66
1642497744920: 67
1642497745931: 68
1642497746943: 69
1642497747952: 70
1642497748962: 71
1642497749972: 72
1642497750982: 73
1642497751993: 74
1642497753004: 75
1642497754016: 76
1642497755024: 77
1642497756039: 78
1642497757046: 79
1642497758057: 80
1642497759069: 81
1642497760075: 82
1642497761085: 83
1642497762097: 84
1642497763107: 85
1642497764119: 86
1642497765126: 87
1642497766133: 88
1642497767145: 89
1642497768148: 90
1642497769158: 91
1642497770171: 92
1642497771176: 93
1642497772186: 94
1642497773196: 95
1642497774206: 96
1642497775213: 97
1642497776223: 98
1642497777231: 99
1642497778238: 100
1642497779246: 101
1642497780252: 102
1642497781263: 103
1642497782273: 104
1642497783284: 105
1642497784298: 106
1642497785310: 107
1642497786317: 108
1642497787326: 109
1642497788333: 110
1642497789344: 111
1642497790353: 112
1642497791364: 113
1642497792370: 114
1642497793380: 115
1642497794388: 116
1642497795397: 117
1642497796409: 118
1642497797421: 119
1642497798434: 120
1642497799447: 121
1642497800456: 122
1642497801467: 123
1642497802474: 124
1642497803483: 125
1642497804495: 126
1642497805503: 127
1642497806510: 128
1642497807517: 129
1642497808524: 130
1642497809537: 131
1642497810546: 132
1642497811559: 133
1642497812563: 134
1642497813569: 135
1642497814582: 136
1642497815592: 137
1642497816606: 138
1642497817606: 139
1642497818615: 140
1642497819625: 141
1642497820633: 142
1642497821639: 143
1642497822645: 144
1642497823655: 145
1642497824659: 146
1642497825668: 147
1642497826675: 148
1642497827683: 149
1642497828692: 150
1642497829700: 151
1642497830708: 152
1642497831712: 153
1642497832731: 154
1642497833731: 155
1642497834741: 156
1642497835752: 157
1642497836764: 158
1642497837773: 159
1642497838783: 160
1642497839790: 161
1642497840800: 162
1642497841810: 163
1642497842819: 164
1642497843826: 165
1642497844835: 166
1642497845844: 167
1642497846849: 168
1642497847862: 169
1642497848872: 170
1642497849882: 171
1642497850892: 172
1642497851900: 173
1642497852906: 174
1642497853913: 175
1642497854913: 176
1642497855919: 177
1642497856929: 178
1642497857939: 179
1642497858950: 180
1642497859957: 181
1642497860967: 182
1642497861979: 183
1642497862982: 184
1642497863992: 185
1642497865000: 186
1642497866006: 187
1642497867016: 188
1642497868026: 189
1642497869034: 190
1642497870046: 191
1642497871060: 192
1642497872067: 193
1642497873077: 194
1642498049166: 195
1642498050180: 196
1642498051189: 1971642498052929 :1
1642498053938: 2
1642498054947: 3
1642498055953: 4
1642498056960: 5
1642498057967: 6
1642498058969: 7
1642498059978: 8
1642498060989: 9
1642498062002: 10
1642498063009: 11
1642498064019: 12
1642498065034: 13
1642498066040: 14
1642498067047: 15
1642498068064: 16
1642498069070: 17
1642498070078: 18
1642498071089: 19
1642498072102: 20
1642498073108: 21
1642498074125: 22
1642498075126: 23
1642498076135: 24
1642498077144: 25
1642498078156: 26
1642498079166: 27
1642498080174: 28
1642498081183: 29
1642498082191: 30
1642498083199: 31
1642498084209: 32
1642498085215: 33
1642498086218: 34
1642498087227: 35
1642498088232: 36
1642498089240: 37
1642498090250: 38
1642498091256: 39
1642498092268: 40
1642498093277: 41
1642498094288: 42
1642498095297: 43
1642498096309: 44
1642498097318: 45
1642498098331: 46
1642498099341: 47
1642498100348: 48
1642498101360: 49
1642498102369: 50
1642498103378: 51
1642498104399: 52
1642498105420: 53
1642498106444: 54
1642498107460: 55
1642498108462: 56
1642498109474: 57
1642498110482: 58
1642498111482: 59
1642498112486: 60
1642498113492: 61
1642498114500: 62
1642498115514: 63
1642498116522: 64
1642498117531: 65
1642498118536: 66
1642498119548: 67
1642498120558: 68
1642498121568: 69
1642498122573: 70
1642498123583: 71
1642498124588: 72
1642498125596: 73
1642498126603: 74
1642498127609: 75
1642498128616: 76
1642498129624: 77
1642498130631: 78
1642498131636: 79
1642498132649: 80
1642498133656: 81
1642498134666: 82
1642498135675: 83
1642498136689: 84
1642498137698: 85
1642498138710: 86
1642498139712: 87
1642498140722: 88
1642498141730: 89
1642498142737: 90
1642498143746: 91
1642498144752: 92
1642498145762: 93
1642498146773: 94
1642498147785: 95
1642498148798: 96
1642498149810: 97
1642498150824: 98
1642498151835: 99
1642498152840: 100
1642498153844: 101
1642498154853: 102
1642498155860: 103
1642498156864: 104
1642498157872: 105
1642498158884: 106
1642498159886: 107
1642498160890: 108
1642498161901: 109
1642498162909: 110
1642498163913: 111
1642498164926: 112
1642498165933: 113
1642498166939: 114
1642498167951: 115
1642498168962: 116
1642498169966: 117
1642498170973: 118
1642498171981: 119
1642498172989: 120
1642498173997: 121
1642498175000: 122
1642498176007: 123
1642498177017: 124
1642498178027: 125
1642498179033: 126
1642498180045: 127
1642498181056: 128
1642498182063: 129
1642498183069: 130
1642498184083: 131
1642498185092: 132
1642498186099: 133
1642498187110: 134
1642498188122: 135
1642498189132: 136
1642498190138: 137
1642498191147: 138
1642498192156: 139
1642498193163: 140
1642498194173: 141
1642498195184: 142
1642498196192: 143
1642498197197: 144
1642498198204: 145
1642498199217: 146
1642498200223: 147
1642498201236: 148
1642498202243: 149
1642498203255: 150
1642498204266: 151
1642498205274: 152
1642498206280: 153
1642498207289: 154
1642498208301: 155
1642498209310: 156
1642498210321: 157
1642498211332: 158
1642498212346: 159
1642498213357: 160
1642498214367: 161
1642498215381: 162
1642498216391: 163
1642498217403: 164
1642498218414: 165
1642498219415: 166
1642498220426: 167
1642498221434: 168
1642498222445: 169
1642498223452: 170
1642498224460: 171
1642498225471: 172
1642498226479: 173
1642498227486: 174
1642498228496: 175
1642498229502: 176
1642498230511: 177
1642498231523: 178
1642498232537: 179
1642498233549: 180
1642498234557: 181
1642498235562: 182
1642498236570: 183
1642498237574: 184
1642498238583: 185
1642498239596: 186
1642498240607: 187
1642498241615: 188
1642498242622: 189
1642498243630: 190
1642498244639: 191
1642498245645: 192
1642498246656: 193
1642498247661: 194
1642498248669: 195
1642498249678: 196
1642498250686: 197
1642498251696: 198
1642498252702: 199
1642498253710: 200
1642498254714: 201
1642498255723: 202
1642498256729: 203
1642498257738: 204
1642498258743: 205
1642498259745: 206
1642498260756: 207
1642498261765: 208
1642498262767: 209
1642498263776: 210
1642498264783: 211
1642498265794: 212
1642498266806: 213
1642498267816: 214
1642498268822: 215
1642498269829: 216
1642498270835: 217
1642498271841: 218
1642498272849: 219
1642498273852: 220
1642498274863: 221
1642498275877: 222
1642498276880: 223
1642498277889: 224
1642498278898: 225
1642498279908: 226
1642498280919: 227
1642498281926: 228
1642498282935: 229
1642498283939: 230
1642498284949: 231
1642498285961: 232
1642498286966: 233
1642498287975: 234
1642498288987: 235
1642498289994: 236
1642498291002: 237
1642498292017: 238
1642498293021: 239
1642498294025: 240
1642498295033: 241
1642498296042: 242
1642498297051: 243
1642498298057: 244
1642498299062: 245
1642498300072: 246
1642498301078: 247
1642498302081: 248
1642498303090: 249
1642498304105: 250
1642498305111: 251
1642498306126: 252
1642498307136: 253
1642498308147: 254
1642498309157: 255
1642498310164: 256
1642498311176: 257
1642498312182: 258
1642498313192: 259
1642498314196: 260
1642498315202: 261
1642498316212: 262
1642498317218: 263
1642498318225: 264
1642498319232: 265
1642498320245: 266
1642498321250: 267
1642498322259: 268
1642498323263: 269
1642498324272: 270
1642498325285: 271
1642498326299: 272
1642498327308: 273
1642498328316: 274
1642498329330: 275
1642498330341: 276
1642498331350: 277
1642498332355: 278
1642498333358: 279
1642498334368: 280
1642498335380: 281
1642498336390: 282
1642498337397: 283
1642498338405: 284
1642498339414: 285
1642498340417: 286
1642498341424: 287
1642498342437: 288
1642498343447: 289
1642498344459: 290
1642498345470: 291
1642498346481: 292
1642498347488: 293
1642498348496: 294
1642498349508: 295
1642498350518: 296
1642498351522: 297
1642498352527: 298
1642498353538: 299
1642498354549: 300
1642498355555: 301
1642498356565: 302
1642498357573: 303
1642498358585: 304
1642498359599: 305
1642498360607: 306
1642498361619: 307
1642498362629: 308
1642498363636: 309
1642498364642: 310
1642498365656: 311
1642498366669: 312
1642498367678: 313
1642498368689: 314
1642498369700: 315
1642498370712: 316
1642498371725: 317
1642498372736: 318
1642498373740: 319
1642498374746: 320
1642498375753: 321
1642498376762: 322
1642498377771: 323
1642498378779: 324
1642498379787: 325
1642498380801: 326
1642498381814: 327
1642498382823: 328
1642498383836: 329
1642498384844: 330
1642498385851: 331
1642498386859: 332
1642498387865: 333
1642498388873: 334
1642498389883: 335
1642498390891: 336
1642498391896: 337
1642498392909: 338
1642498393916: 339
1642498394920: 340
1642498395929: 341
1642498396942: 342
1642498397952: 343
1642498398963: 344
1642498399976: 345
1642498400987: 346
1642498401999: 347
1642498403002: 348
1642498404011: 349
1642498405023: 350
1642498406032: 351
1642498407043: 352
1642498408046: 353
1642498409053: 354
1642498410059: 355
1642498411066: 356
1642498412078: 357
1642498413084: 358
1642498414094: 359
1642498415101: 360
1642498416108: 361
1642498417122: 362
1642498418137: 363
1642498419149: 364
1642498420159: 365
1642498421173: 366
1642498422175: 367
1642498423186: 368
1642498424190: 369
1642498425198: 370
1642498426205: 371
1642498427211: 372
1642498428221: 373
1642498429227: 374
1642498430230: 375
1642498431243: 376
1642498432255: 377
1642498433265: 378
1642498434279: 379
1642498435289: 380
1642498436298: 381
1642498437310: 382
1642498438320: 383
1642498439328: 384
1642498440335: 385
1642498441345: 386
1642498442354: 387
1642498443365: 388
1642498444372: 389
1642498445386: 390
1642498446398: 391
1642498447406: 392
1642498448416: 393
1642498449422: 394
1642498450429: 395
1642498451443: 396
1642498452449: 397
1642498453457: 398
1642498454464: 399
1642498455475: 400
1642498456486: 401
1642498457492: 402
1642498458501: 403
1642498459509: 404
1642498460518: 405
1642498461526: 406
1642498462537: 407
1642498463548: 408
1642498464559: 409
1642498465568: 410
1642498466579: 411
1642498467589: 412
1642498468596: 413
1642498469605: 414
1642498470616: 415
1642498471627: 416
1642498472637: 417
1642498473651: 418
1642498474663: 419
1642498475673: 420
1642498476684: 421
1642498477694: 422
1642498478700: 423
1642498479708: 424
1642498480721: 425
1642498481726: 426
1642498482738: 427
1642498483747: 428
1642498484753: 429
1642498485761: 430
1642498486773: 431
1642498487782: 432
1642498488792: 433
1642498489802: 434
1642498490816: 435
1642498491824: 436
1642498492835: 437
1642498493847: 438
1642498494860: 439
1642498495874: 440
1642498496882: 441
1642498497894: 442
1642498498900: 443
1642498499915: 444
1642498500924: 445
1642498501935: 446
1642498502945: 447
1642498503952: 448
1642498504966: 449
1642498505976: 450
1642498506986: 451
1642498507993: 452
1642498509004: 453
1642498510013: 454
1642498511029: 455
1642498512034: 456
1642498513036: 457
1642498514048: 458
1642498515056: 459
1642498516066: 460
1642498517066: 461
1642498518068: 462
1642498519072: 463
1642498520082: 464
1642498521092: 465
1642498522099: 466
1642498523112: 467
1642498524121: 468
1642498525134: 469
1642498526146: 470
1642498527156: 471
1642498528162: 472
1642498529171: 473
1642498530185: 474
1642498531193: 475
1642498532200: 476
1642498533207: 477
1642498534215: 478
1642498535227: 479
1642498536237: 480
1642498537245: 481
1642498538257: 482
1642498539266: 483
1642498540271: 484
1642498541284: 485
1642498542295: 486
1642498543306: 487
1642498544315: 488
1642498545316: 489
1642498546321: 490
1642498547323: 491
1642498548335: 492
1642498549342: 493
1642498550351: 494
1642498551360: 495
1642498552368: 496
1642498553376: 497
1642498554383: 498
1642498555393: 499
1642498556406: 500
1642498557417: 501
1642498558428: 502
1642498559437: 503
1642498560442: 504
1642498561448: 505
1642498562459: 506
1642498563469: 507
1642498564478: 508
1642498565485: 509
1642498566494: 510
1642498567502: 511
1642498568514: 512
1642498569525: 513
1642498570531: 514
1642498571537: 515
1642498572546: 516
1642498573555: 517
1642498574557: 518
1642498575571: 519
1642498576583: 520
1642498577593: 521
1642498578602: 522
1642498579645: 523
1642498580648: 524
1642498581663: 525
1642498582669: 526
1642498583677: 527
1642498584687: 528
1642498585698: 529
1642498586707: 530
1642498587718: 531
1642498588732: 532
1642498589740: 533
1642498590754: 534
1642498591762: 535
1642498592772: 536
1642498593786: 537
1642498594792: 538
1642498595800: 539
1642498596808: 540
1642498597818: 541
1642498598829: 542
1642498599842: 543
1642498600851: 544
1642498601858: 545
1642498602864: 546
1642498603876: 547
1642498604885: 548
1642498605896: 549
1642498606904: 550
1642498607909: 551
1642498608919: 552
1642498609926: 553
1642498610936: 554
1642498611942: 555
1642498612950: 556
1642498613957: 557
1642498614962: 558
1642498615973: 559
1642498616981: 560
1642498617994: 561
1642498619003: 562
1642498620014: 563
1642498621022: 564
1642498622035: 565
1642498623047: 566
1642498624049: 567
1642498625060: 568
1642498626068: 569
1642498627076: 570
1642498628081: 571
1642498629091: 572
1642498630103: 573
1642498631111: 574
1642498632115: 575
1642498633126: 576
1642498634138: 577
1642498635149: 578
1642498636155: 579
1642498637165: 580
1642498638178: 581
1642498639184: 582
1642498640190: 583
1642498641195: 584
1642498642205: 585
1642498643214: 586
1642498644224: 587
1642498645236: 588
1642498646247: 589
1642498647253: 590
1642498648263: 591
1642498649275: 592
1642498650281: 593
1642498651291: 594
1642498652296: 595
1642498653304: 596
1642498654313: 597
1642498655320: 598
1642498656331: 599
1642498657343: 600
1642498658350: 601
1642498659356: 602
1642498660366: 603
1642498661375: 604
1642498662388: 605
1642498663398: 606
1642498664406: 607
1642498665414: 608
1642498666420: 609
1642498667430: 610
1642498668443: 611
1642498669465: 612
1642498670482: 613
1642498671499: 614
1642498672500: 615
1642498673509: 616
1642498674518: 617
1642498675529: 618
1642498676539: 619
1642498677546: 620
1642498678554: 621
1642498679561: 622
1642498680571: 623
1642498681586: 624
1642498682593: 625
1642498683597: 626
1642498684602: 627
1642498685607: 628
1642498686619: 629
1642498687632: 630
1642498688635: 631
1642498689643: 632
1642498690649: 633
1642498691662: 634
1642498692669: 635
1642498693676: 636
1642498694684: 637
1642498695688: 638
1642498696694: 639
1642498697701: 640
1642498698710: 641
1642498699718: 642
1642498700724: 643
1642498701732: 644
1642498702745: 645
1642498703749: 646
1642498704753: 647
Pre-1600[edit]
474 – Seven-year-old Leo II succeeds his maternal grandfather Leo I as Byzantine emperor.[1] He dies ten months later.
532 – Nika riots in Constantinople fail.
1126 – Emperor Huizong abdicates the Chinese throne in favour of his son Emperor Qinzong.[2]
1486 – King Henry VII of England marries Elizabeth of York, daughter of Edward IV, uniting the House of Lancaster and the House of York.[3]
1562 – Pope Pius IV reopens the Council of Trent for its third and final session.
1591 – King Naresuan of Siam kills Crown Prince Mingyi Swa of Burma in single combat, for which this date is now observed as Royal Thai Armed Forces day.
1601–1900[edit]
1670 – Henry Morgan captures Panama.
1701 – Frederick I crowns himself King of Prussia in Königsberg.
1778 – James Cook is the first known European to discover the Hawaiian Islands, which he names the "Sandwich Islands".
1788 – The first elements of the First Fleet carrying 736 convicts from Great Britain to Australia arrive at Botany Bay.
1806 – Jan Willem Janssens surrenders the Dutch Cape Colony to the British.
hitler
gandhiji
abraham lincoln
narendra modi
pv sindhu
sdfds
sdfdssd
sdsdf
1642498693676: 636
1642498694684: 637
1642498695688: 638
months later.
532 – Nika riots in Constantinople fail.
1126 – Emperor Huizong abdicates the Chinese throne in favour of his son Emperor Qinzong.[2]
1486 – King Henry VII of England marries Elizabeth of York, daughter of Edward IV, uniting the House of Lancaster and the House of York.[3]
1562 – Pope Pius IV reopens the Council of Trent for its third and final session.
1591 – King Naresuan of Siam kills Crown Prince Mingyi Swa of Burma in single combat, for which this date is now observed as Royal Thai Armed Forces day.
1601–1900[edit]
1670 – Henry Morgan captures Panama.
1701 – Frederick I crowns himself King of Prussia in Königsberg.
1778 – James Cook is the first known European to discover the Hawaiian Islands, which he names the "Sandwich Islands".
1788 – The first elements of the First Fleet carrying 736 convicts from Great Britain to Australia arrive at Botany Bay.
1806 – Jan Willem Janssens surrenders the Dutch Cape Colony to the British.
1093 - Sanket Jaiswal
